// Jest Snapshot v1, https://goo.gl/fbAQLP

exports[`ProductImage debe mostrar el componente con la imagen del producto 2 1`] = `
<div
  className="productCard undefined"
>
  <img
    alt="Card con imagen"
    className="productImg undefined"
    src="/coffee-mug.png"
  />
</div>
`;

exports[`ProductImage debe mostrar el componente correctamente con la imagen personalizada 1`] = `
<img
  alt="Custom Tittle"
  className="productImg undefined"
  src="https://img.jpg"
/>
`;
